###############################################################################
#
# IAR ELF Linker V8.30.1.114/W32 for ARM                  27/Sep/2018  20:04:57
# Copyright 2007-2018 IAR Systems AB.
#
#    Output file  =  
#        E:\各种资料\智能车\电磁三轮\电磁三轮程序\电磁三轮程序+电路+机械图
#        速度2.7m\第十三届电磁组程序 -
#        无调参系统版\Prj\Debug\Exe\KEA.out
#    Map file     =  
#        E:\各种资料\智能车\电磁三轮\电磁三轮程序\电磁三轮程序+电路+机械图
#        速度2.7m\第十三届电磁组程序 -
#        无调参系统版\Prj\Debug\List\KEA.map
#    Command line =  
#        -f C:\Users\lenovo\AppData\Local\Temp\EWB375.tmp
#        ("E:\各种资料\智能车\电磁三轮\电磁三轮程序\电磁三轮程序+电路+机械图
#        速度2.7m\第十三届电磁组程序 -
#        无调参系统版\Prj\Debug\Obj\Attitude_Calculation.o"
#        "E:\各种资料\智能车\电磁三轮\电磁三轮程序\电磁三轮程序+电路+机械图
#        速度2.7m\第十三届电磁组程序 -
#        无调参系统版\Prj\Debug\Obj\BMX055.o"
#        "E:\各种资料\智能车\电磁三轮\电磁三轮程序\电磁三轮程序+电路+机械图
#        速度2.7m\第十三届电磁组程序 -
#        无调参系统版\Prj\Debug\Obj\bsp_global_var.o"
#        "E:\各种资料\智能车\电磁三轮\电磁三轮程序\电磁三轮程序+电路+机械图
#        速度2.7m\第十三届电磁组程序 -
#        无调参系统版\Prj\Debug\Obj\bsp_my_oled.o"
#        "E:\各种资料\智能车\电磁三轮\电磁三轮程序\电磁三轮程序+电路+机械图
#        速度2.7m\第十三届电磁组程序 -
#        无调参系统版\Prj\Debug\Obj\bsp_oled.o"
#        "E:\各种资料\智能车\电磁三轮\电磁三轮程序\电磁三轮程序+电路+机械图
#        速度2.7m\第十三届电磁组程序 -
#        无调参系统版\Prj\Debug\Obj\car_init.o"
#        "E:\各种资料\智能车\电磁三轮\电磁三轮程序\电磁三轮程序+电路+机械图
#        速度2.7m\第十三届电磁组程序 -
#        无调参系统版\Prj\Debug\Obj\common.o"
#        "E:\各种资料\智能车\电磁三轮\电磁三轮程序\电磁三轮程序+电路+机械图
#        速度2.7m\第十三届电磁组程序 -
#        无调参系统版\Prj\Debug\Obj\direction.o"
#        "E:\各种资料\智能车\电磁三轮\电磁三轮程序\电磁三轮程序+电路+机械图
#        速度2.7m\第十三届电磁组程序 -
#        无调参系统版\Prj\Debug\Obj\flash_param.o"
#        "E:\各种资料\智能车\电磁三轮\电磁三轮程序\电磁三轮程序+电路+机械图
#        速度2.7m\第十三届电磁组程序 -
#        无调参系统版\Prj\Debug\Obj\ir.o"
#        "E:\各种资料\智能车\电磁三轮\电磁三轮程序\电磁三轮程序+电路+机械图
#        速度2.7m\第十三届电磁组程序 -
#        无调参系统版\Prj\Debug\Obj\isr.o"
#        "E:\各种资料\智能车\电磁三轮\电磁三轮程序\电磁三轮程序+电路+机械图
#        速度2.7m\第十三届电磁组程序 -
#        无调参系统版\Prj\Debug\Obj\KEA128_adc.o"
#        "E:\各种资料\智能车\电磁三轮\电磁三轮程序\电磁三轮程序+电路+机械图
#        速度2.7m\第十三届电磁组程序 -
#        无调参系统版\Prj\Debug\Obj\KEA128_flash.o"
#        "E:\各种资料\智能车\电磁三轮\电磁三轮程序\电磁三轮程序+电路+机械图
#        速度2.7m\第十三届电磁组程序 -
#        无调参系统版\Prj\Debug\Obj\KEA128_ftm.o"
#        "E:\各种资料\智能车\电磁三轮\电磁三轮程序\电磁三轮程序+电路+机械图
#        速度2.7m\第十三届电磁组程序 -
#        无调参系统版\Prj\Debug\Obj\KEA128_gpio.o"
#        "E:\各种资料\智能车\电磁三轮\电磁三轮程序\电磁三轮程序+电路+机械图
#        速度2.7m\第十三届电磁组程序 -
#        无调参系统版\Prj\Debug\Obj\KEA128_i2c.o"
#        "E:\各种资料\智能车\电磁三轮\电磁三轮程序\电磁三轮程序+电路+机械图
#        速度2.7m\第十三届电磁组程序 -
#        无调参系统版\Prj\Debug\Obj\KEA128_irq.o"
#        "E:\各种资料\智能车\电磁三轮\电磁三轮程序\电磁三轮程序+电路+机械图
#        速度2.7m\第十三届电磁组程序 -
#        无调参系统版\Prj\Debug\Obj\KEA128_kbi.o"
#        "E:\各种资料\智能车\电磁三轮\电磁三轮程序\电磁三轮程序+电路+机械图
#        速度2.7m\第十三届电磁组程序 -
#        无调参系统版\Prj\Debug\Obj\KEA128_pit.o"
#        "E:\各种资料\智能车\电磁三轮\电磁三轮程序\电磁三轮程序+电路+机械图
#        速度2.7m\第十三届电磁组程序 -
#        无调参系统版\Prj\Debug\Obj\KEA128_port.o"
#        "E:\各种资料\智能车\电磁三轮\电磁三轮程序\电磁三轮程序+电路+机械图
#        速度2.7m\第十三届电磁组程序 -
#        无调参系统版\Prj\Debug\Obj\KEA128_systick.o"
#        "E:\各种资料\智能车\电磁三轮\电磁三轮程序\电磁三轮程序+电路+机械图
#        速度2.7m\第十三届电磁组程序 -
#        无调参系统版\Prj\Debug\Obj\KEA128_uart.o"
#        "E:\各种资料\智能车\电磁三轮\电磁三轮程序\电磁三轮程序+电路+机械图
#        速度2.7m\第十三届电磁组程序 -
#        无调参系统版\Prj\Debug\Obj\main.o"
#        "E:\各种资料\智能车\电磁三轮\电磁三轮程序\电磁三轮程序+电路+机械图
#        速度2.7m\第十三届电磁组程序 -
#        无调参系统版\Prj\Debug\Obj\misc.o"
#        "E:\各种资料\智能车\电磁三轮\电磁三轮程序\电磁三轮程序+电路+机械图
#        速度2.7m\第十三届电磁组程序 -
#        无调参系统版\Prj\Debug\Obj\scope.o"
#        "E:\各种资料\智能车\电磁三轮\电磁三轮程序\电磁三轮程序+电路+机械图
#        速度2.7m\第十三届电磁组程序 -
#        无调参系统版\Prj\Debug\Obj\SoftIIC.o"
#        "E:\各种资料\智能车\电磁三轮\电磁三轮程序\电磁三轮程序+电路+机械图
#        速度2.7m\第十三届电磁组程序 -
#        无调参系统版\Prj\Debug\Obj\speed.o"
#        "E:\各种资料\智能车\电磁三轮\电磁三轮程序\电磁三轮程序+电路+机械图
#        速度2.7m\第十三届电磁组程序 -
#        无调参系统版\Prj\Debug\Obj\startup_SKEAZ1284.o"
#        "E:\各种资料\智能车\电磁三轮\电磁三轮程序\电磁三轮程序+电路+机械图
#        速度2.7m\第十三届电磁组程序 -
#        无调参系统版\Prj\Debug\Obj\system_SKEAZ1284.o"
#        "E:\各种资料\智能车\电磁三轮\电磁三轮程序\电磁三轮程序+电路+机械图
#        速度2.7m\第十三届电磁组程序 -
#        无调参系统版\Prj\Debug\Obj\System_UI.o"
#        "E:\各种资料\智能车\电磁三轮\电磁三轮程序\电磁三轮程序+电路+机械图
#        速度2.7m\第十三届电磁组程序 -
#        无调参系统版\Prj\Debug\Obj\ui_debug.o"
#        "E:\各种资料\智能车\电磁三轮\电磁三轮程序\电磁三轮程序+电路+机械图
#        速度2.7m\第十三届电磁组程序 -
#        无调参系统版\Prj\Debug\Obj\ui_debug_common.o"
#        "E:\各种资料\智能车\电磁三轮\电磁三轮程序\电磁三轮程序+电路+机械图
#        速度2.7m\第十三届电磁组程序 -
#        无调参系统版\Prj\Debug\Obj\ui_setpage.o" --redirect
#        _Printf=_PrintfLarge --redirect _Scanf=_ScanfLarge --no_out_extension
#        -o
#        "E:\各种资料\智能车\电磁三轮\电磁三轮程序\电磁三轮程序+电路+机械图
#        速度2.7m\第十三届电磁组程序 -
#        无调参系统版\Prj\Debug\Exe\KEA.out" --map
#        "E:\各种资料\智能车\电磁三轮\电磁三轮程序\电磁三轮程序+电路+机械图
#        速度2.7m\第十三届电磁组程序 -
#        无调参系统版\Prj\Debug\List\KEA.map" --config
#        "E:\各种资料\智能车\电磁三轮\电磁三轮程序\电磁三轮程序+电路+机械图
#        速度2.7m\第十三届电磁组程序 - 无调参系统版\Prj\config
#        files\128KB_Pflash.icf" --semihosting --entry __iar_program_start
#        --vfe --text_out locale)
#
###############################################################################

*******************************************************************************
*** RUNTIME MODEL ATTRIBUTES
***

CppFlavor       = *
__SystemLibrary = DLib
__dlib_version  = 6


*******************************************************************************
*** HEAP SELECTION
***

The basic heap was selected because no calls to memory allocation
functions were found in the application outside of system library
functions, and there are calls to deallocation functions in the
application.


*******************************************************************************
*** PLACEMENT SUMMARY
***

"A0":  place at 0x0 { ro section .intvec };
"P2":  place in [from 0xc0 to 0x3ff] |
                [from 0x410 to 0x1'ffff] { ro };
define block CSTACK with size = 1K, alignment = 8 { };
define block HEAP with size = 256, alignment = 8 { };
"P3":  place in [from 0x1fff'f000 to 0x1fff'ffff] |
                [from 0x2000'0000 to 0x2000'2fff] {
          rw, block CSTACK, block HEAP };
initialize by copy { rw };

No sections matched the following patterns:

  section FlashConfig  in "P1"


  Section            Kind         Address    Size  Object
  -------            ----         -------    ----  ------
"A0":                                        0xd0
  .intvec            ro code          0x0    0xd0  startup_SKEAZ1284.o [1]
                                   - 0xd0    0xd0

"P2":                                      0x36e8
  .rodata            const          0x410   0x7f0  bsp_my_oled.o [1]
  .text              ro code        0xc00   0x708  direction.o [1]
  .text              ro code       0x1308    0xaa  FltDiv.o [3]
  .text              ro code       0x13b2   0x24c  BMX055.o [1]
  .text              ro code       0x15fe     0x2  startup_SKEAZ1284.o [1]
  .text              ro code       0x1600    0x36  IxxToFlt.o [3]
  .text              ro code       0x1636     0x2  startup_SKEAZ1284.o [1]
  .text              ro code       0x1638    0x26  FltCmpLe.o [3]
  .text              ro code       0x165e   0x120  FltAddSub.o [3]
  .text              ro code       0x177e    0xb0  FltMul.o [3]
  .text              ro code       0x182e     0x2  startup_SKEAZ1284.o [1]
  .text              ro code       0x1830    0x28  FltCmpGe.o [3]
  .text              ro code       0x1858    0x32  FltToDbl.o [3]
  .text              ro code       0x188a    0x32  DblCmpGe.o [3]
  .text              ro code       0x18bc   0x184  DblMul.o [3]
  .text              ro code       0x1a40    0xc2  DblDiv.o [3]
  .text              ro code       0x1b02    0x62  DblToFlt.o [3]
  .text              ro code       0x1b64    0xc0  KEA128_adc.o [1]
  .text              ro code       0x1c24    0xe0  I32DivModFast.o [4]
  .text              ro code       0x1d04   0x402  SoftIIC.o [1]
  .text              ro code       0x2106     0x2  startup_SKEAZ1284.o [1]
  .text              ro code       0x2108   0x104  KEA128_pit.o [1]
  .text              ro code       0x220c     0x2  IntDivZer.o [4]
  .text              ro code       0x220e     0x2  startup_SKEAZ1284.o [1]
  .text              ro code       0x2210   0x1ac  KEA128_gpio.o [1]
  .text              ro code       0x23bc   0x414  speed.o [1]
  .text              ro code       0x27d0    0x3a  FltToS32.o [3]
  .text              ro code       0x280a     0x2  startup_SKEAZ1284.o [1]
  .text              ro code       0x280c   0x408  KEA128_ftm.o [1]
  .text              ro code       0x2c14   0x1a8  DblAddSub.o [3]
  .text              ro code       0x2dbc    0x54  KEA128_port.o [1]
  .text              ro code       0x2e10   0x324  bsp_oled.o [1]
  .text              ro code       0x3134   0x200  car_init.o [1]
  .text              ro code       0x3334    0xa8  bsp_my_oled.o [1]
  .text              ro code       0x33dc   0x168  KEA128_i2c.o [1]
  .text              ro code       0x3544     0xe  ir.o [1]
  .text              ro code       0x3552     0x2  startup_SKEAZ1284.o [1]
  .text              ro code       0x3554    0x48  KEA128_systick.o [1]
  .text              ro code       0x359c    0x34  ABImemcpy.o [4]
  .text              ro code       0x35d0    0x40  KEA128_irq.o [1]
  .text              ro code       0x3610   0x108  system_SKEAZ1284.o [1]
  .text              ro code       0x3718    0xb0  common.o [1]
  .text              ro code       0x37c8    0x84  isr.o [1]
  .text              ro code       0x384c    0x3e  KEA128_kbi.o [1]
  .text              ro code       0x388a     0x2  startup_SKEAZ1284.o [1]
  .rodata            const         0x388c    0x80  KEA128_i2c.o [1]
  .text              ro code       0x390c    0x3c  zero_init3.o [4]
  .text              ro code       0x3948    0x30  copy_init3.o [4]
  .text              ro code       0x3978    0x28  data_init.o [4]
  .iar.init_table    const         0x39a0    0x24  - Linker created -
  .text              ro code       0x39c4    0x1e  cmain.o [4]
  .text              ro code       0x39e2     0x4  low_level_init.o [2]
  .text              ro code       0x39e6    0x10  main.o [1]
  .text              ro code       0x39f6     0x8  exit.o [2]
  .text              ro code       0x39fe     0x2  startup_SKEAZ1284.o [1]
  .text              ro code       0x3a00     0xa  cexit.o [4]
  .text              ro code       0x3a0a     0x2  startup_SKEAZ1284.o [1]
  .text              ro code       0x3a0c    0x14  exit.o [5]
  .rodata            const         0x3a20    0x18  common.o [1]
  .rodata            const         0x3a38    0x18  system_SKEAZ1284.o [1]
  .text              ro code       0x3a50    0x10  startup_SKEAZ1284.o [1]
  .rodata            const         0x3a60     0xc  KEA128_ftm.o [1]
  .rodata            const         0x3a6c     0xc  KEA128_gpio.o [1]
  .text              ro code       0x3a78     0xc  cstartup_M.o [4]
  .text              ro code       0x3a84     0x2  startup_SKEAZ1284.o [1]
  .text              ro code       0x3a86     0x2  startup_SKEAZ1284.o [1]
  .text              ro code       0x3a88     0x2  startup_SKEAZ1284.o [1]
  .text              ro code       0x3a8a     0x2  startup_SKEAZ1284.o [1]
  .text              ro code       0x3a8c     0x2  startup_SKEAZ1284.o [1]
  .text              ro code       0x3a8e     0x2  startup_SKEAZ1284.o [1]
  .text              ro code       0x3a90     0x2  startup_SKEAZ1284.o [1]
  .text              ro code       0x3a92     0x2  startup_SKEAZ1284.o [1]
  .text              ro code       0x3a94     0x2  startup_SKEAZ1284.o [1]
  .text              ro code       0x3a96     0x2  startup_SKEAZ1284.o [1]
  .text              ro code       0x3a98     0x2  startup_SKEAZ1284.o [1]
  .text              ro code       0x3a9a     0x2  startup_SKEAZ1284.o [1]
  .text              ro code       0x3a9c     0x2  startup_SKEAZ1284.o [1]
  .text              ro code       0x3a9e     0x2  startup_SKEAZ1284.o [1]
  .text              ro code       0x3aa0     0x2  startup_SKEAZ1284.o [1]
  .text              ro code       0x3aa2     0x2  startup_SKEAZ1284.o [1]
  .text              ro code       0x3aa4     0x2  startup_SKEAZ1284.o [1]
  .text              ro code       0x3aa6     0x2  startup_SKEAZ1284.o [1]
  .text              ro code       0x3aa8     0x2  startup_SKEAZ1284.o [1]
  .text              ro code       0x3aaa     0x2  startup_SKEAZ1284.o [1]
  .text              ro code       0x3aac     0x2  startup_SKEAZ1284.o [1]
  .text              ro code       0x3aae     0x2  startup_SKEAZ1284.o [1]
  .text              ro code       0x3ab0     0x2  startup_SKEAZ1284.o [1]
  .rodata            const         0x3ab2     0x0  zero_init3.o [4]
  .rodata            const         0x3ab2     0x0  copy_init3.o [4]
  Initializer bytes  const         0x3ab4    0x44  <for P3 s0>
                                 - 0x3af8  0x36e8

"P3", part 1 of 3:                           0x44
  P3 s0                       0x1fff'f000    0x44  <Init block>
    .data            inited   0x1fff'f000     0xc  direction.o [1]
    .data            inited   0x1fff'f00c     0xc  direction.o [1]
    .data            inited   0x1fff'f018     0x8  car_init.o [1]
    .data            inited   0x1fff'f020     0x8  KEA128_i2c.o [1]
    .data            inited   0x1fff'f028     0x4  direction.o [1]
    .data            inited   0x1fff'f02c     0x4  speed.o [1]
    .data            inited   0x1fff'f030     0x4  speed.o [1]
    .data            inited   0x1fff'f034     0x4  speed.o [1]
    .data            inited   0x1fff'f038     0x4  speed.o [1]
    .data            inited   0x1fff'f03c     0x4  speed.o [1]
    .data            inited   0x1fff'f040     0x1  isr.o [1]
                            - 0x1fff'f044    0x44

"P3", part 2 of 3:                          0x1d0
  .bss               zero     0x1fff'f044    0xcc  direction.o [1]
  .bss               zero     0x1fff'f110    0x24  direction.o [1]
  .bss               zero     0x1fff'f134    0x20  direction.o [1]
  .bss               zero     0x1fff'f154    0x1c  direction.o [1]
  .bss               zero     0x1fff'f170    0x14  speed.o [1]
  .bss               zero     0x1fff'f184    0x10  system_SKEAZ1284.o [1]
  .bss               zero     0x1fff'f194     0x8  direction.o [1]
  .bss               zero     0x1fff'f19c     0x8  direction.o [1]
  .bss               zero     0x1fff'f1a4     0x8  KEA128_ftm.o [1]
  .bss               zero     0x1fff'f1ac     0x4  bsp_global_var.o [1]
  .bss               zero     0x1fff'f1b0     0x4  common.o [1]
  .bss               zero     0x1fff'f1b4     0x4  common.o [1]
  .bss               zero     0x1fff'f1b8     0x4  common.o [1]
  .bss               zero     0x1fff'f1bc     0x4  common.o [1]
  .bss               zero     0x1fff'f1c0     0x4  direction.o [1]
  .bss               zero     0x1fff'f1c4     0x4  direction.o [1]
  .bss               zero     0x1fff'f1c8     0x4  direction.o [1]
  .bss               zero     0x1fff'f1cc     0x4  speed.o [1]
  .bss               zero     0x1fff'f1d0     0x4  speed.o [1]
  .bss               zero     0x1fff'f1d4     0x4  speed.o [1]
  .bss               zero     0x1fff'f1d8     0x4  speed.o [1]
  .bss               zero     0x1fff'f1dc     0x4  speed.o [1]
  .bss               zero     0x1fff'f1e0     0x4  speed.o [1]
  .bss               zero     0x1fff'f1e4     0x4  speed.o [1]
  .bss               zero     0x1fff'f1e8     0x4  speed.o [1]
  .bss               zero     0x1fff'f1ec     0x4  speed.o [1]
  .bss               zero     0x1fff'f1f0     0x4  speed.o [1]
  .bss               zero     0x1fff'f1f4     0x4  speed.o [1]
  .bss               zero     0x1fff'f1f8     0x4  speed.o [1]
  .bss               zero     0x1fff'f1fc     0x4  speed.o [1]
  .bss               zero     0x1fff'f200     0x4  speed.o [1]
  .bss               zero     0x1fff'f204     0x4  speed.o [1]
  .bss               zero     0x1fff'f208     0x2  direction.o [1]
  .bss               zero     0x1fff'f20a     0x2  direction.o [1]
  .bss               zero     0x1fff'f20c     0x2  isr.o [1]
  .bss               zero     0x1fff'f20e     0x2  isr.o [1]
  .bss               zero     0x1fff'f210     0x1  car_init.o [1]
  .bss               zero     0x1fff'f211     0x1  direction.o [1]
  .bss               zero     0x1fff'f212     0x1  isr.o [1]
  .bss               zero     0x1fff'f213     0x1  isr.o [1]
                            - 0x1fff'f214   0x1d0

"P3", part 3 of 3:                          0x400
  CSTACK                      0x1fff'f218   0x400  <Block>
    CSTACK           uninit   0x1fff'f218   0x400  <Block tail>
                            - 0x1fff'f618   0x400

Unused ranges:

         From           To      Size
         ----           --      ----
         0xd0        0x3ff     0x330
       0x3af8     0x1'ffff  0x1'c508
  0x1fff'f214  0x1fff'f217       0x4
  0x1fff'f618  0x1fff'ffff     0x9e8
  0x2000'0000  0x2000'2fff    0x3000


*******************************************************************************
*** INIT TABLE
***

          Address      Size
          -------      ----
Zero (__iar_zero_init3)
    1 destination range, total size 0x1d0:
          0x1fff'f044  0x1d0

Copy (__iar_copy_init3)
    1 source range, total size 0x44 (104% of destination):
               0x3ab4   0x44
    1 destination range, total size 0x41:
          0x1fff'f000   0x41



*******************************************************************************
*** MODULE SUMMARY
***

    Module               ro code  ro data  rw data
    ------               -------  -------  -------
command line/config:
    ----------------------------------------------
    Total:

E:\各种资料\智能车\电磁三轮\电磁三轮程序\电磁三轮程序+电路+机械图 速度2.7m\第十三届电磁组程序 - 无调参系统版\Prj\Debug\Obj: [1]
    BMX055.o                 588
    KEA128_adc.o             192
    KEA128_ftm.o           1 032       12        8
    KEA128_gpio.o            428       12
    KEA128_i2c.o             360      136        8
    KEA128_irq.o              64
    KEA128_kbi.o              62
    KEA128_pit.o             260
    KEA128_port.o             84
    KEA128_systick.o          72
    SoftIIC.o              1 026
    bsp_global_var.o                             4
    bsp_my_oled.o            168    2 032
    bsp_oled.o               804
    car_init.o               512        8        9
    common.o                 176       24       16
    direction.o            1 800       28      361
    ir.o                      14
    isr.o                    132        1        7
    main.o                    16
    speed.o                1 044       20      100
    startup_SKEAZ1284.o      290
    system_SKEAZ1284.o       264       24       16
    ----------------------------------------------
    Total:                 9 388    2 297      529

dl6M_tlf.a: [2]
    exit.o                     8
    low_level_init.o           4
    ----------------------------------------------
    Total:                    12

m6M_tl.a: [3]
    DblAddSub.o              424
    DblCmpGe.o                50
    DblDiv.o                 194
    DblMul.o                 388
    DblToFlt.o                98
    FltAddSub.o              288
    FltCmpGe.o                40
    FltCmpLe.o                38
    FltDiv.o                 170
    FltMul.o                 176
    FltToDbl.o                50
    FltToS32.o                58
    IxxToFlt.o                54
    ----------------------------------------------
    Total:                 2 028

rt6M_tl.a: [4]
    ABImemcpy.o               52
    I32DivModFast.o          224
    IntDivZer.o                2
    cexit.o                   10
    cmain.o                   30
    copy_init3.o              48
    cstartup_M.o              12
    data_init.o               40
    zero_init3.o              60
    ----------------------------------------------
    Total:                   478

shb_l.a: [5]
    exit.o                    20
    ----------------------------------------------
    Total:                    20

    Linker created                     41    1 024
--------------------------------------------------
    Grand Total:          11 926    2 338    1 553


*******************************************************************************
*** ENTRY LIST
***

Entry                       Address   Size  Type      Object
-----                       -------   ----  ----      ------
.iar.init_table$$Base        0x39a0          --   Gb  - Linker created -
.iar.init_table$$Limit       0x39c4          --   Gb  - Linker created -
?main                        0x39c5         Code  Gb  cmain.o [4]
ADTest                  0x1fff'f134   0x20  Data  Gb  direction.o [1]
BMX055_DataRead              0x1509   0xf6  Code  Gb  BMX055.o [1]
BMX055_data             0x1fff'f110   0x24  Data  Gb  direction.o [1]
BMX055_init                  0x13b3  0x156  Code  Gb  BMX055.o [1]
BUZZSystem                   0x384d   0x3e  Code  Gb  KEA128_kbi.o [1]
CSTACK$$Base            0x1fff'f218          --   Gb  - Linker created -
CSTACK$$Limit           0x1fff'f618          --   Gb  - Linker created -
CalSpeedError                0x24c5  0x142  Code  Gb  speed.o [1]
CalSpeedError::fSpeedNew
                        0x1fff'f204    0x4  Data  Lc  speed.o [1]
CalSpeedError::fSpeedOld
                        0x1fff'f200    0x4  Data  Lc  speed.o [1]
CarInfo                 0x1fff'f044   0xcc  Data  Gb  direction.o [1]
DirectionControl              0xffb   0x14  Code  Gb  direction.o [1]
ErrLoop                 0x1fff'f210    0x1  Data  Gb  car_init.o [1]
FTMX                         0x3a60    0xc  Data  Lc  KEA128_ftm.o [1]
Flag_Direction          0x1fff'f213    0x1  Data  Gb  isr.o [1]
Flag_Speed              0x1fff'f212    0x1  Data  Gb  isr.o [1]
Flag_Stop               0x1fff'f040    0x1  Data  Gb  isr.o [1]
GPIOX                        0x3a6c    0xc  Data  Lc  KEA128_gpio.o [1]
GetSensorData                 0xd0d  0x112  Code  Lc  direction.o [1]
GetSensorData::StraightCount
                        0x1fff'f20a    0x2  Data  Lc  direction.o [1]
GyroOffset              0x1fff'f154   0x1c  Data  Gb  direction.o [1]
GyroOffset_init               0xc63   0x6c  Code  Gb  direction.o [1]
GyroOffset_init::Count  0x1fff'f208    0x2  Data  Lc  direction.o [1]
I2CN                    0x1fff'f020    0x8  Data  Gb  KEA128_i2c.o [1]
IIC_DELAY                    0x1d05   0x20  Code  Lc  SoftIIC.o [1]
IIC_Read_Buff                0x2053   0x8c  Code  Gb  SoftIIC.o [1]
IIC_Read_Reg                 0x1fed   0x66  Code  Gb  SoftIIC.o [1]
IIC_Write_Reg                0x1f9d   0x50  Code  Gb  SoftIIC.o [1]
IIC_ack                      0x1e3f   0x3e  Code  Lc  SoftIIC.o [1]
IIC_init                     0x20df   0x28  Code  Gb  SoftIIC.o [1]
IIC_noack                    0x1e7d   0x3e  Code  Lc  SoftIIC.o [1]
IIC_readbyte                 0x1f07   0x84  Code  Lc  SoftIIC.o [1]
IIC_sendbyte                 0x1ebb   0x4c  Code  Lc  SoftIIC.o [1]
IIC_start                    0x1d25   0x4e  Code  Lc  SoftIIC.o [1]
IIC_stop                     0x1d73   0x3c  Code  Lc  SoftIIC.o [1]
IIC_waitack                  0x1daf   0x90  Code  Lc  SoftIIC.o [1]
IRQ_IRQHandler               0x381d    0xc  Code  Gb  isr.o [1]
IsGyroOffsetReset       0x1fff'f211    0x1  Data  Lc  direction.o [1]
KBI0_IRQHandler              0x3829    0xc  Code  Gb  isr.o [1]
LCD_DLY_ms                   0x2f27   0x18  Code  Gb  bsp_oled.o [1]
LCD_Fill                     0x2ee5   0x42  Code  Gb  bsp_oled.o [1]
LCD_Init                     0x3069   0xbe  Code  Gb  bsp_oled.o [1]
LCD_Set_Pos                  0x2eb5   0x30  Code  Gb  bsp_oled.o [1]
LCD_WrCmd                    0x2e65   0x50  Code  Gb  bsp_oled.o [1]
LCD_WrDat                    0x2e11   0x52  Code  Gb  bsp_oled.o [1]
LeftDead                0x1fff'f1cc    0x4  Data  Gb  speed.o [1]
NVIC_EnableIRQ               0x3135    0xe  Code  Lc  car_init.o [1]
NVIC_SetPriority             0x3143   0x8c  Code  Lc  car_init.o [1]
NVIC_SystemReset             0x31cf   0x12  Code  Lc  car_init.o [1]
OLED_ASCII16X8                0x410  0x7f0  Data  Gb  bsp_my_oled.o [1]
PIT_CH0_IRQHandler           0x37c9   0x48  Code  Gb  isr.o [1]
PIT_CH0_IRQHandler::i   0x1fff'f20c    0x2  Data  Lc  isr.o [1]
PIT_CH0_IRQHandler::j   0x1fff'f20e    0x2  Data  Lc  isr.o [1]
PIT_CH1_IRQHandler           0x3811    0xc  Code  Gb  isr.o [1]
PWMOut                       0x23bd  0x108  Code  Gb  speed.o [1]
ParameterInit                 0xc01   0x62  Code  Gb  direction.o [1]
Ratio_Encoder_Left      0x1fff'f02c    0x4  Data  Gb  speed.o [1]
Ratio_Encoder_Righ      0x1fff'f030    0x4  Data  Gb  speed.o [1]
Read_ADC                     0x103d  0x2ac  Code  Gb  direction.o [1]
Region$$Table$$Base          0x39a0          --   Gb  - Linker created -
Region$$Table$$Limit         0x39c4          --   Gb  - Linker created -
RighDead                0x1fff'f1d0    0x4  Data  Gb  speed.o [1]
SetAddressingMode            0x2f51   0x14  Code  Gb  bsp_oled.o [1]
SetContrastControl           0x2f75   0x14  Code  Gb  bsp_oled.o [1]
SetStartLine                 0x2f65   0x10  Code  Gb  bsp_oled.o [1]
Set_Charge_Pump              0x2f89   0x16  Code  Gb  bsp_oled.o [1]
Set_Common_Config            0x303f   0x16  Code  Gb  bsp_oled.o [1]
Set_Common_Remap             0x2ff3   0x10  Code  Gb  bsp_oled.o [1]
Set_Curvature                 0xe49  0x1b2  Code  Lc  direction.o [1]
Set_Curvature::ExYawRate
                        0x1fff'f1c4    0x4  Data  Lc  direction.o [1]
Set_Curvature::OutPwm   0x1fff'f1c8    0x4  Data  Lc  direction.o [1]
Set_Display_Clock            0x3017   0x14  Code  Gb  bsp_oled.o [1]
Set_Display_Offset           0x3003   0x14  Code  Gb  bsp_oled.o [1]
Set_Display_On_Off           0x2fe3   0x10  Code  Gb  bsp_oled.o [1]
Set_Entire_Display           0x2faf   0x10  Code  Gb  bsp_oled.o [1]
Set_Inverse_Display          0x2fbf   0x10  Code  Gb  bsp_oled.o [1]
Set_Multiplex_Ratio          0x2fcf   0x14  Code  Gb  bsp_oled.o [1]
Set_Precharge_Period         0x302b   0x14  Code  Gb  bsp_oled.o [1]
Set_Segment_Remap            0x2f9f   0x10  Code  Gb  bsp_oled.o [1]
Set_VCOMH                    0x3055   0x14  Code  Gb  bsp_oled.o [1]
SpeedControl                 0x2639  0x112  Code  Gb  speed.o [1]
SpeedRadius             0x1fff'f000    0xc  Data  Gb  direction.o [1]
Start                        0x3625   0x3e  Code  Gb  system_SKEAZ1284.o [1]
SysClock                0x1fff'f184   0x10  Data  Gb  system_SKEAZ1284.o [1]
SystemCoreClockUpdate        0x3663   0x8a  Code  Gb  system_SKEAZ1284.o [1]
__VECTOR_RAM {Abs}      0x1fff'f000         Data  Gb  <internal module>
__VECTOR_TABLE {Abs}            0x0         Data  Gb  <internal module>
__Vectors                       0x0          --   Gb  startup_SKEAZ1284.o [1]
__Vectors_End                  0xc0         Data  Gb  startup_SKEAZ1284.o [1]
__Vectors_Size {Abs}           0xc0          --   Gb  startup_SKEAZ1284.o [1]
__aeabi_cdrcmple             0x188b         Code  Gb  DblCmpGe.o [3]
__aeabi_cfcmple              0x1639         Code  Gb  FltCmpLe.o [3]
__aeabi_cfrcmple             0x1831         Code  Gb  FltCmpGe.o [3]
__aeabi_d2f                  0x1b03         Code  Gb  DblToFlt.o [3]
__aeabi_dadd                 0x2c15         Code  Gb  DblAddSub.o [3]
__aeabi_ddiv                 0x1a41         Code  Gb  DblDiv.o [3]
__aeabi_dmul                 0x18bd         Code  Gb  DblMul.o [3]
__aeabi_f2d                  0x1859         Code  Gb  FltToDbl.o [3]
__aeabi_f2iz                 0x27d1         Code  Gb  FltToS32.o [3]
__aeabi_fadd                 0x165f         Code  Gb  FltAddSub.o [3]
__aeabi_fdiv                 0x1309         Code  Gb  FltDiv.o [3]
__aeabi_fmul                 0x177f         Code  Gb  FltMul.o [3]
__aeabi_fsub                 0x16cf         Code  Gb  FltAddSub.o [3]
__aeabi_i2f                  0x1621         Code  Gb  IxxToFlt.o [3]
__aeabi_idiv                 0x1c51         Code  Gb  I32DivModFast.o [4]
__aeabi_idiv0                0x220d         Code  Gb  IntDivZer.o [4]
__aeabi_idivmod              0x1c51         Code  Gb  I32DivModFast.o [4]
__aeabi_memcpy4              0x359d         Code  Wk  ABImemcpy.o [4]
__aeabi_ui2f                 0x1601         Code  Gb  IxxToFlt.o [3]
__aeabi_uidiv                0x1c57         Code  Gb  I32DivModFast.o [4]
__aeabi_uidivmod             0x1c57         Code  Gb  I32DivModFast.o [4]
__cmain                      0x39c5         Code  Gb  cmain.o [4]
__exit                       0x3a0d   0x14  Code  Gb  exit.o [5]
__iar_copy_init3             0x3949   0x30  Code  Gb  copy_init3.o [4]
__iar_data_init3             0x3979   0x28  Code  Gb  data_init.o [4]
__iar_program_start          0x3a79         Code  Gb  cstartup_M.o [4]
__iar_zero_init3             0x390d   0x3c  Code  Gb  zero_init3.o [4]
__low_level_init             0x39e3    0x4  Code  Gb  low_level_init.o [2]
__vector_table                  0x0         Data  Gb  startup_SKEAZ1284.o [1]
_call_main                   0x39d1         Code  Gb  cmain.o [4]
_exit                        0x3a01         Code  Gb  cexit.o [4]
_main                        0x39df         Code  Gb  cmain.o [4]
ad_ave                       0x1bd5   0x50  Code  Gb  KEA128_adc.o [1]
adc_init                     0x1b65   0x24  Code  Gb  KEA128_adc.o [1]
adc_once                     0x1b89   0x32  Code  Gb  KEA128_adc.o [1]
bus_clk_khz             0x1fff'f1bc    0x4  Data  Gb  common.o [1]
car_init                     0x31e1  0x128  Code  Gb  car_init.o [1]
core_clk_khz            0x1fff'f1b8    0x4  Data  Gb  common.o [1]
disable_wdog                 0x3611   0x14  Code  Gb  system_SKEAZ1284.o [1]
exit                         0x39f7    0x8  Code  Gb  exit.o [2]
fSpeedErrorInteg        0x1fff'f1e8    0x4  Data  Gb  speed.o [1]
float08                 0x1fff'f1ac    0x4  Data  Gb  bsp_global_var.o [1]
ftm_clk_khz             0x1fff'f1b4    0x4  Data  Gb  common.o [1]
ftm_count_clean              0x2be7   0x16  Code  Gb  KEA128_ftm.o [1]
ftm_count_get                0x2bd7   0x10  Code  Gb  KEA128_ftm.o [1]
ftm_count_init               0x2b85   0x52  Code  Gb  KEA128_ftm.o [1]
ftm_count_mux                0x2b21   0x5e  Code  Gb  KEA128_ftm.o [1]
ftm_pwm_duty                 0x2a81   0x86  Code  Gb  KEA128_ftm.o [1]
ftm_pwm_init                 0x290f  0x172  Code  Gb  KEA128_ftm.o [1]
ftm_pwm_mux                  0x280d  0x102  Code  Gb  KEA128_ftm.o [1]
g_ValueOfAD             0x1fff'f194    0x8  Data  Gb  direction.o [1]
g_ValueOfADFilter       0x1fff'f19c    0x8  Data  Gb  direction.o [1]
g_fDirectionControlOut  0x1fff'f1c0    0x4  Data  Gb  direction.o [1]
g_fExpectSpeed          0x1fff'f034    0x4  Data  Gb  speed.o [1]
g_fLeftRealSpeed        0x1fff'f1d8    0x4  Data  Gb  speed.o [1]
g_fRealSpeed            0x1fff'f1d4    0x4  Data  Gb  speed.o [1]
g_fRighRealSpeed        0x1fff'f1dc    0x4  Data  Gb  speed.o [1]
g_fSpeedControlOut      0x1fff'f1fc    0x4  Data  Gb  speed.o [1]
g_fSpeedError           0x1fff'f1e4    0x4  Data  Gb  speed.o [1]
g_fSpeedErrorTemp       0x1fff'f170   0x14  Data  Gb  speed.o [1]
g_fSpeedFilter          0x1fff'f1e0    0x4  Data  Gb  speed.o [1]
g_nLeftPWM              0x1fff'f1f4    0x4  Data  Gb  speed.o [1]
g_nLeftpulse            0x1fff'f1ec    0x4  Data  Gb  speed.o [1]
g_nRighPWM              0x1fff'f1f8    0x4  Data  Gb  speed.o [1]
g_nRighpulse            0x1fff'f1f0    0x4  Data  Gb  speed.o [1]
g_speedControl_I        0x1fff'f03c    0x4  Data  Gb  speed.o [1]
g_speedControl_P        0x1fff'f038    0x4  Data  Gb  speed.o [1]
get_clk                      0x3719   0xb0  Code  Gb  common.o [1]
gpio_get                     0x22fb   0x36  Code  Gb  KEA128_gpio.o [1]
gpio_init                    0x2211   0xea  Code  Gb  KEA128_gpio.o [1]
gpio_set                     0x2331   0x4a  Code  Gb  KEA128_gpio.o [1]
gpio_turn                    0x237b   0x3e  Code  Gb  KEA128_gpio.o [1]
i2c_init                     0x33dd  0x14c  Code  Gb  KEA128_i2c.o [1]
ics_clk_khz             0x1fff'f1b0    0x4  Data  Gb  common.o [1]
init_temp               0x1fff'f018    0x8  Data  Gb  car_init.o [1]
ir_init                      0x3545    0xe  Code  Gb  ir.o [1]
irq_init                     0x35d1   0x40  Code  Gb  KEA128_irq.o [1]
main                         0x39e7   0x10  Code  Gb  main.o [1]
oled_display_16x8str         0x3335   0xa4  Code  Gb  bsp_my_oled.o [1]
period                  0x1fff'f1a4    0x8  Data  Gb  KEA128_ftm.o [1]
pit_delay                    0x2171   0x90  Code  Gb  KEA128_pit.o [1]
pit_init                     0x2109   0x68  Code  Gb  KEA128_pit.o [1]
port_pull                    0x2dbd   0x54  Code  Gb  KEA128_port.o [1]
systick_delay                0x3555   0x20  Code  Gb  KEA128_systick.o [1]
systick_delay_ms             0x3575   0x18  Code  Gb  KEA128_systick.o [1]
termp                   0x1fff'f028    0x4  Data  Gb  direction.o [1]
yawPIDcontrol           0x1fff'f00c    0xc  Data  Gb  direction.o [1]


[1] = E:\各种资料\智能车\电磁三轮\电磁三轮程序\电磁三轮程序+电路+机械图 速度2.7m\第十三届电磁组程序 - 无调参系统版\Prj\Debug\Obj
[2] = dl6M_tlf.a
[3] = m6M_tl.a
[4] = rt6M_tl.a
[5] = shb_l.a

  11 926 bytes of readonly  code memory
   2 338 bytes of readonly  data memory
   1 553 bytes of readwrite data memory

Errors: none
Warnings: none
